0
0
1.000000
1.000000
1.000000
0
1
1
1
1
0
1
0
1
1
1.000000
5
5.300000
5