0
0
2
2
4
6
6
12
8
20
27
34
41
48
55
62
69
76
83
90
97
104
111
1
2
3
4
5
222
222